#
# There is insufficient memory for the Java Runtime Environment to continue.
# Native memory allocation (malloc) failed to allocate 32744 bytes for Chunk::new
# Possible reasons:
#   The system is out of physical RAM or swap space
#   The process is running with CompressedOops enabled, and the Java Heap may be blocking the growth of the native heap
# Possible solutions:
#   Reduce memory load on the system
#   Increase physical memory or swap space
#   Check if swap backing store is full
#   Decrease Java heap size (-Xmx/-Xms)
#   Decrease number of Java threads
#   Decrease Java thread stack sizes (-Xss)
#   Set larger code cache with -XX:ReservedCodeCacheSize=
#   JVM is running with Unscaled Compressed Oops mode in which the Java heap is
#     placed in the first 4GB address space. The Java Heap base address is the
#     maximum limit for the native heap growth. Please use -XX:HeapBaseMinAddress
#     to set the Java Heap base and to place the Java Heap above 4GB virtual address.
# This output file may be truncated or incomplete.
#
#  Out of Memory Error (arena.cpp:166), pid=19436, tid=11008
#
# JRE version: Java(TM) SE Runtime Environment (21.0+35) (build 21+35-LTS-2513)
# Java VM: Java HotSpot(TM) 64-Bit Server VM (21+35-LTS-2513, mixed mode, sharing, tiered, compressed oops, compressed class ptrs, g1 gc, windows-amd64)
# No core dump will be written. Minidumps are not enabled by default on client versions of Windows
#

---------------  S U M M A R Y ------------

Command Line: --enable-native-access=ALL-UNNAMED -Dclassworlds.conf=C:\Program Files\apache-maven-3.9.11\bin\m2.conf -Dmaven.home=C:\Program Files\apache-maven-3.9.11 -Dlibrary.jansi.path=C:\Program Files\apache-maven-3.9.11\lib\jansi-native -Dmaven.multiModuleProjectDirectory=C:\Users\LENOVO\Desktop\INFRAFIX-BE org.codehaus.plexus.classworlds.launcher.Launcher spring-boot:run

Host: Intel(R) Core(TM) i5-8200Y CPU @ 1.30GHz, 4 cores, 7G,  Windows 11 , 64 bit Build 26100 (10.0.26100.7019)
Time: Wed Dec 10 04:38:43 2025 Malay Peninsula Standard Time elapsed time: 25.769706 seconds (0d 0h 0m 25s)

---------------  T H R E A D  ---------------

Current thread (0x000001ac7ec88e70):  JavaThread "C1 CompilerThread0" daemon [_thread_in_native, id=11008, stack(0x000000062e700000,0x000000062e800000) (1024K)]


Current CompileTask:
C1:  25769 2225       3       com.google.common.util.concurrent.AbstractFutureState::releaseWaiters (27 bytes)

Stack: [0x000000062e700000,0x000000062e800000]
Native frames: (J=compiled Java code, j=interpreted, Vv=VM code, C=native code)
V  [jvm.dll+0x6c8d39]
V  [jvm.dll+0x854091]
V  [jvm.dll+0x85630e]
V  [jvm.dll+0x8569e3]
V  [jvm.dll+0x2809a6]
V  [jvm.dll+0xc3e6d]
V  [jvm.dll+0xc4383]
V  [jvm.dll+0x196d83]
V  [jvm.dll+0x196e4d]
V  [jvm.dll+0x199373]
V  [jvm.dll+0x19aee4]
V  [jvm.dll+0x1546e3]
V  [jvm.dll+0x153f98]
V  [jvm.dll+0x1541d4]
V  [jvm.dll+0x153616]
V  [jvm.dll+0x15537d]
V  [jvm.dll+0x2583e9]
V  [jvm.dll+0x2569ca]
V  [jvm.dll+0x3eef66]
V  [jvm.dll+0x7fd2c8]
V  [jvm.dll+0x6c748d]
C  [ucrtbase.dll+0x37b0]
C  [KERNEL32.DLL+0x2e8d7]
C  [ntdll.dll+0x8c53c]


---------------  P R O C E S S  ---------------

Threads class SMR info:
_java_thread_list=0x000001ac7f89e450, length=12, elements={
0x000001ac60a72780, 0x000001ac7ec4dd80, 0x000001ac7ec50560, 0x000001ac7ec55b50,
0x000001ac7ec565b0, 0x000001ac7ec57010, 0x000001ac7ec57a70, 0x000001ac7ec58800,
0x000001ac7ec88e70, 0x000001ac7eeb8820, 0x000001ac7eec5ed0, 0x000001ac7f181ce0
}

Java Threads: ( => current thread )
  0x000001ac60a72780 JavaThread "main"                              [_thread_in_vm, id=15936, stack(0x000000062d800000,0x000000062d900000) (1024K)]
  0x000001ac7ec4dd80 JavaThread "Reference Handler"          daemon [_thread_blocked, id=11600, stack(0x000000062e000000,0x000000062e100000) (1024K)]
  0x000001ac7ec50560 JavaThread "Finalizer"                  daemon [_thread_blocked, id=21420, stack(0x000000062e100000,0x000000062e200000) (1024K)]
  0x000001ac7ec55b50 JavaThread "Signal Dispatcher"          daemon [_thread_blocked, id=1672, stack(0x000000062e200000,0x000000062e300000) (1024K)]
  0x000001ac7ec565b0 JavaThread "Attach Listener"            daemon [_thread_blocked, id=4984, stack(0x000000062e300000,0x000000062e400000) (1024K)]
  0x000001ac7ec57010 JavaThread "Service Thread"             daemon [_thread_blocked, id=20860, stack(0x000000062e400000,0x000000062e500000) (1024K)]
  0x000001ac7ec57a70 JavaThread "Monitor Deflation Thread"   daemon [_thread_blocked, id=19048, stack(0x000000062e500000,0x000000062e600000) (1024K)]
  0x000001ac7ec58800 JavaThread "C2 CompilerThread0"         daemon [_thread_blocked, id=10452, stack(0x000000062e600000,0x000000062e700000) (1024K)]
=>0x000001ac7ec88e70 JavaThread "C1 CompilerThread0"         daemon [_thread_in_native, id=11008, stack(0x000000062e700000,0x000000062e800000) (1024K)]
  0x000001ac7eeb8820 JavaThread "Notification Thread"        daemon [_thread_blocked, id=20512, stack(0x000000062e800000,0x000000062e900000) (1024K)]
  0x000001ac7eec5ed0 JavaThread "Common-Cleaner"             daemon [_thread_blocked, id=16184, stack(0x000000062e900000,0x000000062ea00000) (1024K)]
  0x000001ac7f181ce0 JavaThread "cleanup"                    daemon [_thread_in_native, id=12268, stack(0x000000062ea00000,0x000000062eb00000) (1024K)]
Total: 12

Other Threads:
  0x000001ac7ec2fa10 VMThread "VM Thread"                           [id=11540, stack(0x000000062df00000,0x000000062e000000) (1024K)]
  0x000001ac7ec144d0 WatcherThread "VM Periodic Task Thread"        [id=13712, stack(0x000000062de00000,0x000000062df00000) (1024K)]
  0x000001ac623ac660 WorkerThread "GC Thread#0"                     [id=11932, stack(0x000000062d900000,0x000000062da00000) (1024K)]
  0x000001ac7f81df70 WorkerThread "GC Thread#1"                     [id=19740, stack(0x000000062eb00000,0x000000062ec00000) (1024K)]
  0x000001ac7f03d000 WorkerThread "GC Thread#2"                     [id=20840, stack(0x000000062ec00000,0x000000062ed00000) (1024K)]
  0x000001ac7f455550 WorkerThread "GC Thread#3"                     [id=20996, stack(0x000000062ed00000,0x000000062ee00000) (1024K)]
  0x000001ac623bd2c0 ConcurrentGCThread "G1 Main Marker"            [id=19344, stack(0x000000062da00000,0x000000062db00000) (1024K)]
  0x000001ac623bec40 WorkerThread "G1 Conc#0"                       [id=13684, stack(0x000000062db00000,0x000000062dc00000) (1024K)]
  0x000001ac6241e2b0 ConcurrentGCThread "G1 Refine#0"               [id=20656, stack(0x000000062dc00000,0x000000062dd00000) (1024K)]
  0x000001ac7ead70e0 ConcurrentGCThread "G1 Service"                [id=3428, stack(0x000000062dd00000,0x000000062de00000) (1024K)]
Total: 10

Threads with active compile tasks:
C1 CompilerThread0    25870 2225       3       com.google.common.util.concurrent.AbstractFutureState::releaseWaiters (27 bytes)
Total: 1

VM state: not at safepoint (normal execution)

VM Mutex/Monitor currently owned by a thread: None

Heap address: 0x0000000081c00000, size: 2020 MB, Compressed Oops mode: 32-bit

CDS archive(s) mapped at: [0x000001ac00000000-0x000001ac00c90000-0x000001ac00c90000), size 13172736, SharedBaseAddress: 0x000001ac00000000, ArchiveRelocationMode: 1.
Compressed class space mapped at: 0x000001ac01000000-0x000001ac41000000, reserved size: 1073741824
Narrow klass base: 0x000001ac00000000, Narrow klass shift: 0, Narrow klass range: 0x100000000

GC Precious Log:
 CardTable entry size: 512
 Card Set container configuration: InlinePtr #cards 5 size 8 Array Of Cards #cards 12 size 40 Howl #buckets 4 coarsen threshold 1843 Howl Bitmap #cards 512 size 80 coarsen threshold 460 Card regions per heap region 1 cards per card region 2048
 CPUs: 4 total, 4 available
 Memory: 8077M
 Large Page Support: Disabled
 NUMA Support: Disabled
 Compressed Oops: Enabled (32-bit)
 Heap Region Size: 1M
 Heap Min Capacity: 8M
 Heap Initial Capacity: 128M
 Heap Max Capacity: 2020M
 Pre-touch: Disabled
 Parallel Workers: 4
 Concurrent Workers: 1
 Concurrent Refinement Workers: 4
 Periodic GC: Disabled

Heap:
 garbage-first heap   total 131072K, used 35005K [0x0000000081c00000, 0x0000000100000000)
  region size 1024K, 33 young (33792K), 1 survivors (1024K)
 Metaspace       used 11563K, committed 11776K, reserved 1114112K
  class space    used 1389K, committed 1472K, reserved 1048576K

Heap Regions: E=young(eden), S=young(survivor), O=old, HS=humongous(starts), HC=humongous(continues), CS=collection set, F=free, TAMS=top-at-mark-start, PB=parsable bottom
|   0|0x0000000081c00000, 0x0000000081d00000, 0x0000000081d00000|100%| O|  |TAMS 0x0000000081c00000| PB 0x0000000081c00000| Untracked 
|   1|0x0000000081d00000, 0x0000000081e00000, 0x0000000081e00000|100%| O|  |TAMS 0x0000000081d00000| PB 0x0000000081d00000| Untracked 
|   2|0x0000000081e00000, 0x0000000081f00000, 0x0000000081f00000|100%| O|  |TAMS 0x0000000081e00000| PB 0x0000000081e00000| Untracked 
|   3|0x0000000081f00000, 0x0000000081f5eec0, 0x0000000082000000| 37%| O|  |TAMS 0x0000000081f00000| PB 0x0000000081f00000| Untracked 
|   4|0x0000000082000000, 0x0000000082000000, 0x0000000082100000|  0%| F|  |TAMS 0x0000000082000000| PB 0x0000000082000000| Untracked 
|   5|0x0000000082100000, 0x0000000082100000, 0x0000000082200000|  0%| F|  |TAMS 0x0000000082100000| PB 0x0000000082100000| Untracked 
|   6|0x0000000082200000, 0x0000000082200000, 0x0000000082300000|  0%| F|  |TAMS 0x0000000082200000| PB 0x0000000082200000| Untracked 
|   7|0x0000000082300000, 0x0000000082300000, 0x0000000082400000|  0%| F|  |TAMS 0x0000000082300000| PB 0x0000000082300000| Untracked 
|   8|0x0000000082400000, 0x0000000082400000, 0x0000000082500000|  0%| F|  |TAMS 0x0000000082400000| PB 0x0000000082400000| Untracked 
|   9|0x0000000082500000, 0x0000000082500000, 0x0000000082600000|  0%| F|  |TAMS 0x0000000082500000| PB 0x0000000082500000| Untracked 
|  10|0x0000000082600000, 0x0000000082600000, 0x0000000082700000|  0%| F|  |TAMS 0x0000000082600000| PB 0x0000000082600000| Untracked 
|  11|0x0000000082700000, 0x0000000082700000, 0x0000000082800000|  0%| F|  |TAMS 0x0000000082700000| PB 0x0000000082700000| Untracked 
|  12|0x0000000082800000, 0x0000000082800000, 0x0000000082900000|  0%| F|  |TAMS 0x0000000082800000| PB 0x0000000082800000| Untracked 
|  13|0x0000000082900000, 0x0000000082900000, 0x0000000082a00000|  0%| F|  |TAMS 0x0000000082900000| PB 0x0000000082900000| Untracked 
|  14|0x0000000082a00000, 0x0000000082a00000, 0x0000000082b00000|  0%| F|  |TAMS 0x0000000082a00000| PB 0x0000000082a00000| Untracked 
|  15|0x0000000082b00000, 0x0000000082b00000, 0x0000000082c00000|  0%| F|  |TAMS 0x0000000082b00000| PB 0x0000000082b00000| Untracked 
|  16|0x0000000082c00000, 0x0000000082c00000, 0x0000000082d00000|  0%| F|  |TAMS 0x0000000082c00000| PB 0x0000000082c00000| Untracked 
|  17|0x0000000082d00000, 0x0000000082d00000, 0x0000000082e00000|  0%| F|  |TAMS 0x0000000082d00000| PB 0x0000000082d00000| Untracked 
|  18|0x0000000082e00000, 0x0000000082e00000, 0x0000000082f00000|  0%| F|  |TAMS 0x0000000082e00000| PB 0x0000000082e00000| Untracked 
|  19|0x0000000082f00000, 0x0000000082f00000, 0x0000000083000000|  0%| F|  |TAMS 0x0000000082f00000| PB 0x0000000082f00000| Untracked 
|  20|0x0000000083000000, 0x0000000083000000, 0x0000000083100000|  0%| F|  |TAMS 0x0000000083000000| PB 0x0000000083000000| Untracked 
|  21|0x0000000083100000, 0x0000000083100000, 0x0000000083200000|  0%| F|  |TAMS 0x0000000083100000| PB 0x0000000083100000| Untracked 
|  22|0x0000000083200000, 0x0000000083200000, 0x0000000083300000|  0%| F|  |TAMS 0x0000000083200000| PB 0x0000000083200000| Untracked 
|  23|0x0000000083300000, 0x0000000083300000, 0x0000000083400000|  0%| F|  |TAMS 0x0000000083300000| PB 0x0000000083300000| Untracked 
|  24|0x0000000083400000, 0x0000000083400000, 0x0000000083500000|  0%| F|  |TAMS 0x0000000083400000| PB 0x0000000083400000| Untracked 
|  25|0x0000000083500000, 0x0000000083500000, 0x0000000083600000|  0%| F|  |TAMS 0x0000000083500000| PB 0x0000000083500000| Untracked 
|  26|0x0000000083600000, 0x0000000083600000, 0x0000000083700000|  0%| F|  |TAMS 0x0000000083600000| PB 0x0000000083600000| Untracked 
|  27|0x0000000083700000, 0x0000000083700000, 0x0000000083800000|  0%| F|  |TAMS 0x0000000083700000| PB 0x0000000083700000| Untracked 
|  28|0x0000000083800000, 0x0000000083800000, 0x0000000083900000|  0%| F|  |TAMS 0x0000000083800000| PB 0x0000000083800000| Untracked 
|  29|0x0000000083900000, 0x0000000083900000, 0x0000000083a00000|  0%| F|  |TAMS 0x0000000083900000| PB 0x0000000083900000| Untracked 
|  30|0x0000000083a00000, 0x0000000083a00000, 0x0000000083b00000|  0%| F|  |TAMS 0x0000000083a00000| PB 0x0000000083a00000| Untracked 
|  31|0x0000000083b00000, 0x0000000083b00000, 0x0000000083c00000|  0%| F|  |TAMS 0x0000000083b00000| PB 0x0000000083b00000| Untracked 
|  32|0x0000000083c00000, 0x0000000083c00000, 0x0000000083d00000|  0%| F|  |TAMS 0x0000000083c00000| PB 0x0000000083c00000| Untracked 
|  33|0x0000000083d00000, 0x0000000083d00000, 0x0000000083e00000|  0%| F|  |TAMS 0x0000000083d00000| PB 0x0000000083d00000| Untracked 
|  34|0x0000000083e00000, 0x0000000083e00000, 0x0000000083f00000|  0%| F|  |TAMS 0x0000000083e00000| PB 0x0000000083e00000| Untracked 
|  35|0x0000000083f00000, 0x0000000083f00000, 0x0000000084000000|  0%| F|  |TAMS 0x0000000083f00000| PB 0x0000000083f00000| Untracked 
|  36|0x0000000084000000, 0x0000000084000000, 0x0000000084100000|  0%| F|  |TAMS 0x0000000084000000| PB 0x0000000084000000| Untracked 
|  37|0x0000000084100000, 0x0000000084100000, 0x0000000084200000|  0%| F|  |TAMS 0x0000000084100000| PB 0x0000000084100000| Untracked 
|  38|0x0000000084200000, 0x0000000084200000, 0x0000000084300000|  0%| F|  |TAMS 0x0000000084200000| PB 0x0000000084200000| Untracked 
|  39|0x0000000084300000, 0x0000000084300000, 0x0000000084400000|  0%| F|  |TAMS 0x0000000084300000| PB 0x0000000084300000| Untracked 
|  40|0x0000000084400000, 0x0000000084400000, 0x0000000084500000|  0%| F|  |TAMS 0x0000000084400000| PB 0x0000000084400000| Untracked 
|  41|0x0000000084500000, 0x0000000084500000, 0x0000000084600000|  0%| F|  |TAMS 0x0000000084500000| PB 0x0000000084500000| Untracked 
|  42|0x0000000084600000, 0x0000000084600000, 0x0000000084700000|  0%| F|  |TAMS 0x0000000084600000| PB 0x0000000084600000| Untracked 
|  43|0x0000000084700000, 0x0000000084700000, 0x0000000084800000|  0%| F|  |TAMS 0x0000000084700000| PB 0x0000000084700000| Untracked 
|  44|0x0000000084800000, 0x0000000084800000, 0x0000000084900000|  0%| F|  |TAMS 0x0000000084800000| PB 0x0000000084800000| Untracked 
|  45|0x0000000084900000, 0x0000000084900000, 0x0000000084a00000|  0%| F|  |TAMS 0x0000000084900000| PB 0x0000000084900000| Untracked 
|  46|0x0000000084a00000, 0x0000000084a00000, 0x0000000084b00000|  0%| F|  |TAMS 0x0000000084a00000| PB 0x0000000084a00000| Untracked 
|  47|0x0000000084b00000, 0x0000000084b00000, 0x0000000084c00000|  0%| F|  |TAMS 0x0000000084b00000| PB 0x0000000084b00000| Untracked 
|  48|0x0000000084c00000, 0x0000000084c00000, 0x0000000084d00000|  0%| F|  |TAMS 0x0000000084c00000| PB 0x0000000084c00000| Untracked 
|  49|0x0000000084d00000, 0x0000000084d00000, 0x0000000084e00000|  0%| F|  |TAMS 0x0000000084d00000| PB 0x0000000084d00000| Untracked 
|  50|0x0000000084e00000, 0x0000000084e00000, 0x0000000084f00000|  0%| F|  |TAMS 0x0000000084e00000| PB 0x0000000084e00000| Untracked 
|  51|0x0000000084f00000, 0x0000000084f00000, 0x0000000085000000|  0%| F|  |TAMS 0x0000000084f00000| PB 0x0000000084f00000| Untracked 
|  52|0x0000000085000000, 0x0000000085000000, 0x0000000085100000|  0%| F|  |TAMS 0x0000000085000000| PB 0x0000000085000000| Untracked 
|  53|0x0000000085100000, 0x0000000085100000, 0x0000000085200000|  0%| F|  |TAMS 0x0000000085100000| PB 0x0000000085100000| Untracked 
|  54|0x0000000085200000, 0x0000000085200000, 0x0000000085300000|  0%| F|  |TAMS 0x0000000085200000| PB 0x0000000085200000| Untracked 
|  55|0x0000000085300000, 0x0000000085300000, 0x0000000085400000|  0%| F|  |TAMS 0x0000000085300000| PB 0x0000000085300000| Untracked 
|  56|0x0000000085400000, 0x0000000085400000, 0x0000000085500000|  0%| F|  |TAMS 0x0000000085400000| PB 0x0000000085400000| Untracked 
|  57|0x0000000085500000, 0x0000000085500000, 0x0000000085600000|  0%| F|  |TAMS 0x0000000085500000| PB 0x0000000085500000| Untracked 
|  58|0x0000000085600000, 0x0000000085600000, 0x0000000085700000|  0%| F|  |TAMS 0x0000000085600000| PB 0x0000000085600000| Untracked 
|  59|0x0000000085700000, 0x0000000085700000, 0x0000000085800000|  0%| F|  |TAMS 0x0000000085700000| PB 0x0000000085700000| Untracked 
|  60|0x0000000085800000, 0x0000000085800000, 0x0000000085900000|  0%| F|  |TAMS 0x0000000085800000| PB 0x0000000085800000| Untracked 
|  61|0x0000000085900000, 0x0000000085900000, 0x0000000085a00000|  0%| F|  |TAMS 0x0000000085900000| PB 0x0000000085900000| Untracked 
|  62|0x0000000085a00000, 0x0000000085a00000, 0x0000000085b00000|  0%| F|  |TAMS 0x0000000085a00000| PB 0x0000000085a00000| Untracked 
|  63|0x0000000085b00000, 0x0000000085b00000, 0x0000000085c00000|  0%| F|  |TAMS 0x0000000085b00000| PB 0x0000000085b00000| Untracked 
|  64|0x0000000085c00000, 0x0000000085c00000, 0x0000000085d00000|  0%| F|  |TAMS 0x0000000085c00000| PB 0x0000000085c00000| Untracked 
|  65|0x0000000085d00000, 0x0000000085d00000, 0x0000000085e00000|  0%| F|  |TAMS 0x0000000085d00000| PB 0x0000000085d00000| Untracked 
|  66|0x0000000085e00000, 0x0000000085e00000, 0x0000000085f00000|  0%| F|  |TAMS 0x0000000085e00000| PB 0x0000000085e00000| Untracked 
|  67|0x0000000085f00000, 0x0000000085f00000, 0x0000000086000000|  0%| F|  |TAMS 0x0000000085f00000| PB 0x0000000085f00000| Untracked 
|  68|0x0000000086000000, 0x0000000086000000, 0x0000000086100000|  0%| F|  |TAMS 0x0000000086000000| PB 0x0000000086000000| Untracked 
|  69|0x0000000086100000, 0x0000000086100000, 0x0000000086200000|  0%| F|  |TAMS 0x0000000086100000| PB 0x0000000086100000| Untracked 
|  70|0x0000000086200000, 0x0000000086200000, 0x0000000086300000|  0%| F|  |TAMS 0x0000000086200000| PB 0x0000000086200000| Untracked 
|  71|0x0000000086300000, 0x0000000086300000, 0x0000000086400000|  0%| F|  |TAMS 0x0000000086300000| PB 0x0000000086300000| Untracked 
|  72|0x0000000086400000, 0x0000000086400000, 0x0000000086500000|  0%| F|  |TAMS 0x0000000086400000| PB 0x0000000086400000| Untracked 
|  73|0x0000000086500000, 0x0000000086500000, 0x0000000086600000|  0%| F|  |TAMS 0x0000000086500000| PB 0x0000000086500000| Untracked 
|  74|0x0000000086600000, 0x0000000086600000, 0x0000000086700000|  0%| F|  |TAMS 0x0000000086600000| PB 0x0000000086600000| Untracked 
|  75|0x0000000086700000, 0x0000000086700000, 0x0000000086800000|  0%| F|  |TAMS 0x0000000086700000| PB 0x0000000086700000| Untracked 
|  76|0x0000000086800000, 0x0000000086800000, 0x0000000086900000|  0%| F|  |TAMS 0x0000000086800000| PB 0x0000000086800000| Untracked 
|  77|0x0000000086900000, 0x0000000086900000, 0x0000000086a00000|  0%| F|  |TAMS 0x0000000086900000| PB 0x0000000086900000| Untracked 
|  78|0x0000000086a00000, 0x0000000086a00000, 0x0000000086b00000|  0%| F|  |TAMS 0x0000000086a00000| PB 0x0000000086a00000| Untracked 
|  79|0x0000000086b00000, 0x0000000086b00000, 0x0000000086c00000|  0%| F|  |TAMS 0x0000000086b00000| PB 0x0000000086b00000| Untracked 
|  80|0x0000000086c00000, 0x0000000086c00000, 0x0000000086d00000|  0%| F|  |TAMS 0x0000000086c00000| PB 0x0000000086c00000| Untracked 
|  81|0x0000000086d00000, 0x0000000086d00000, 0x0000000086e00000|  0%| F|  |TAMS 0x0000000086d00000| PB 0x0000000086d00000| Untracked 
|  82|0x0000000086e00000, 0x0000000086e00000, 0x0000000086f00000|  0%| F|  |TAMS 0x0000000086e00000| PB 0x0000000086e00000| Untracked 
|  83|0x0000000086f00000, 0x0000000086f00000, 0x0000000087000000|  0%| F|  |TAMS 0x0000000086f00000| PB 0x0000000086f00000| Untracked 
|  84|0x0000000087000000, 0x0000000087000000, 0x0000000087100000|  0%| F|  |TAMS 0x0000000087000000| PB 0x0000000087000000| Untracked 
|  85|0x0000000087100000, 0x0000000087100000, 0x0000000087200000|  0%| F|  |TAMS 0x0000000087100000| PB 0x0000000087100000| Untracked 
|  86|0x0000000087200000, 0x0000000087200000, 0x0000000087300000|  0%| F|  |TAMS 0x0000000087200000| PB 0x0000000087200000| Untracked 
|  87|0x0000000087300000, 0x0000000087300000, 0x0000000087400000|  0%| F|  |TAMS 0x0000000087300000| PB 0x0000000087300000| Untracked 
|  88|0x0000000087400000, 0x0000000087400000, 0x0000000087500000|  0%| F|  |TAMS 0x0000000087400000| PB 0x0000000087400000| Untracked 
|  89|0x0000000087500000, 0x0000000087500000, 0x0000000087600000|  0%| F|  |TAMS 0x0000000087500000| PB 0x0000000087500000| Untracked 
|  90|0x0000000087600000, 0x0000000087600000, 0x0000000087700000|  0%| F|  |TAMS 0x0000000087600000| PB 0x0000000087600000| Untracked 
|  91|0x0000000087700000, 0x0000000087700000, 0x0000000087800000|  0%| F|  |TAMS 0x0000000087700000| PB 0x0000000087700000| Untracked 
|  92|0x0000000087800000, 0x0000000087800000, 0x0000000087900000|  0%| F|  |TAMS 0x0000000087800000| PB 0x0000000087800000| Untracked 
|  93|0x0000000087900000, 0x0000000087900000, 0x0000000087a00000|  0%| F|  |TAMS 0x0000000087900000| PB 0x0000000087900000| Untracked 
|  94|0x0000000087a00000, 0x0000000087a00000, 0x0000000087b00000|  0%| F|  |TAMS 0x0000000087a00000| PB 0x0000000087a00000| Untracked 
|  95|0x0000000087b00000, 0x0000000087beb418, 0x0000000087c00000| 91%| E|  |TAMS 0x0000000087b00000| PB 0x0000000087b00000| Complete 
|  96|0x0000000087c00000, 0x0000000087d00000, 0x0000000087d00000|100%| E|CS|TAMS 0x0000000087c00000| PB 0x0000000087c00000| Complete 
|  97|0x0000000087d00000, 0x0000000087e00000, 0x0000000087e00000|100%| E|CS|TAMS 0x0000000087d00000| PB 0x0000000087d00000| Complete 
|  98|0x0000000087e00000, 0x0000000087f00000, 0x0000000087f00000|100%| E|CS|TAMS 0x0000000087e00000| PB 0x0000000087e00000| Complete 
|  99|0x0000000087f00000, 0x0000000088000000, 0x0000000088000000|100%| E|CS|TAMS 0x0000000087f00000| PB 0x0000000087f00000| Complete 
| 100|0x0000000088000000, 0x0000000088100000, 0x0000000088100000|100%| E|CS|TAMS 0x0000000088000000| PB 0x0000000088000000| Complete 
| 101|0x0000000088100000, 0x0000000088200000, 0x0000000088200000|100%| E|CS|TAMS 0x0000000088100000| PB 0x0000000088100000| Complete 
| 102|0x0000000088200000, 0x0000000088300000, 0x0000000088300000|100%| E|CS|TAMS 0x0000000088200000| PB 0x0000000088200000| Complete 
| 103|0x0000000088300000, 0x0000000088400000, 0x0000000088400000|100%| E|CS|TAMS 0x0000000088300000| PB 0x0000000088300000| Complete 
| 104|0x0000000088400000, 0x0000000088500000, 0x0000000088500000|100%| E|CS|TAMS 0x0000000088400000| PB 0x0000000088400000| Complete 
| 105|0x0000000088500000, 0x0000000088600000, 0x0000000088600000|100%| E|CS|TAMS 0x0000000088500000| PB 0x0000000088500000| Complete 
| 106|0x0000000088600000, 0x0000000088700000, 0x0000000088700000|100%| E|CS|TAMS 0x0000000088600000| PB 0x0000000088600000| Complete 
| 107|0x0000000088700000, 0x0000000088800000, 0x0000000088800000|100%| E|CS|TAMS 0x0000000088700000| PB 0x0000000088700000| Complete 
| 108|0x0000000088800000, 0x0000000088900000, 0x0000000088900000|100%| E|CS|TAMS 0x0000000088800000| PB 0x0000000088800000| Complete 
| 109|0x0000000088900000, 0x0000000088a00000, 0x0000000088a00000|100%| E|CS|TAMS 0x0000000088900000| PB 0x0000000088900000| Complete 
| 110|0x0000000088a00000, 0x0000000088ad0700, 0x0000000088b00000| 81%| S|CS|TAMS 0x0000000088a00000| PB 0x0000000088a00000| Complete 
| 111|0x0000000088b00000, 0x0000000088c00000, 0x0000000088c00000|100%| E|CS|TAMS 0x0000000088b00000| PB 0x0000000088b00000| Complete 
| 112|0x0000000088c00000, 0x0000000088d00000, 0x0000000088d00000|100%| E|CS|TAMS 0x0000000088c00000| PB 0x0000000088c00000| Complete 
| 113|0x0000000088d00000, 0x0000000088e00000, 0x0000000088e00000|100%| E|CS|TAMS 0x0000000088d00000| PB 0x0000000088d00000| Complete 
| 114|0x0000000088e00000, 0x0000000088f00000, 0x0000000088f00000|100%| E|CS|TAMS 0x0000000088e00000| PB 0x0000000088e00000| Complete 
| 115|0x0000000088f00000, 0x0000000089000000, 0x0000000089000000|100%| E|CS|TAMS 0x0000000088f00000| PB 0x0000000088f00000| Complete 
| 116|0x0000000089000000, 0x0000000089100000, 0x0000000089100000|100%| E|CS|TAMS 0x0000000089000000| PB 0x0000000089000000| Complete 
| 117|0x0000000089100000, 0x0000000089200000, 0x0000000089200000|100%| E|CS|TAMS 0x0000000089100000| PB 0x0000000089100000| Complete 
| 118|0x0000000089200000, 0x0000000089300000, 0x0000000089300000|100%| E|  |TAMS 0x0000000089200000| PB 0x0000000089200000| Complete 
| 119|0x0000000089300000, 0x0000000089400000, 0x0000000089400000|100%| E|CS|TAMS 0x0000000089300000| PB 0x0000000089300000| Complete 
| 120|0x0000000089400000, 0x0000000089500000, 0x0000000089500000|100%| E|CS|TAMS 0x0000000089400000| PB 0x0000000089400000| Complete 
| 121|0x0000000089500000, 0x0000000089600000, 0x0000000089600000|100%| E|CS|TAMS 0x0000000089500000| PB 0x0000000089500000| Complete 
| 122|0x0000000089600000, 0x0000000089700000, 0x0000000089700000|100%| E|CS|TAMS 0x0000000089600000| PB 0x0000000089600000| Complete 
| 123|0x0000000089700000, 0x0000000089800000, 0x0000000089800000|100%| E|CS|TAMS 0x0000000089700000| PB 0x0000000089700000| Complete 
| 124|0x0000000089800000, 0x0000000089900000, 0x0000000089900000|100%| E|CS|TAMS 0x0000000089800000| PB 0x0000000089800000| Complete 
| 125|0x0000000089900000, 0x0000000089a00000, 0x0000000089a00000|100%| E|CS|TAMS 0x0000000089900000| PB 0x0000000089900000| Complete 
| 126|0x0000000089a00000, 0x0000000089b00000, 0x0000000089b00000|100%| E|CS|TAMS 0x0000000089a00000| PB 0x0000000089a00000| Complete 
| 127|0x0000000089b00000, 0x0000000089c00000, 0x0000000089c00000|100%| E|CS|TAMS 0x0000000089b00000| PB 0x0000000089b00000| Complete 

Card table byte_map: [0x000001ac7a2e0000,0x000001ac7a6e0000] _byte_map_base: 0x000001ac79ed2000

Marking Bits: (CMBitMap*) 0x000001ac623acd60
 Bits: [0x000001ac7a6e0000, 0x000001ac7c670000)

Polling page: 0x000001ac60ce0000

Metaspace:

Usage:
  Non-class:      9.94 MB used.
      Class:      1.36 MB used.
       Both:     11.29 MB used.

Virtual space:
  Non-class space:       64.00 MB reserved,      10.06 MB ( 16%) committed,  1 nodes.
      Class space:        1.00 GB reserved,       1.44 MB ( <1%) committed,  1 nodes.
             Both:        1.06 GB reserved,      11.50 MB (  1%) committed. 

Chunk freelists:
   Non-Class:  4.72 MB
       Class:  14.58 MB
        Both:  19.30 MB

MaxMetaspaceSize: unlimited
CompressedClassSpaceSize: 1.00 GB
Initial GC threshold: 21.00 MB
Current GC threshold: 21.00 MB
CDS: on
 - commit_granule_bytes: 65536.
 - commit_granule_words: 8192.
 - virtual_space_node_default_size: 8388608.
 - enlarge_chunks_in_place: 1.
 - use_allocation_guard: 0.


Internal statistics:

num_allocs_failed_limit: 0.
num_arena_births: 116.
num_arena_deaths: 0.
num_vsnodes_births: 2.
num_vsnodes_deaths: 0.
num_space_committed: 184.
num_space_uncommitted: 0.
num_chunks_returned_to_freelist: 0.
num_chunks_taken_from_freelist: 486.
num_chunk_merges: 0.
num_chunk_splits: 343.
num_chunks_enlarged: 288.
num_inconsistent_stats: 0.

CodeHeap 'non-profiled nmethods': size=120000Kb used=882Kb max_used=882Kb free=119117Kb
 bounds [0x000001ac72380000, 0x000001ac725f0000, 0x000001ac798b0000]
CodeHeap 'profiled nmethods': size=120000Kb used=4402Kb max_used=4402Kb free=115597Kb
 bounds [0x000001ac6a8b0000, 0x000001ac6ad00000, 0x000001ac71de0000]
CodeHeap 'non-nmethods': size=5760Kb used=1372Kb max_used=1395Kb free=4388Kb
 bounds [0x000001ac71de0000, 0x000001ac72050000, 0x000001ac72380000]
 total_blobs=2693 nmethods=2222 adapters=375
 compilation: enabled
              stopped_count=0, restarted_count=0
 full_count=0

Compilation events (20 events):
Event: 25.693 Thread 0x000001ac7ec88e70 nmethod 2215 0x000001ac6acfa190 code [0x000001ac6acfa340, 0x000001ac6acfa518]
Event: 25.693 Thread 0x000001ac7ec88e70 2216       3       org.objectweb.asm.SymbolTable$Entry::<init> (17 bytes)
Event: 25.693 Thread 0x000001ac7ec88e70 nmethod 2216 0x000001ac6acfa610 code [0x000001ac6acfa7c0, 0x000001ac6acfa940]
Event: 25.703 Thread 0x000001ac7ec58800 2217       4       java.lang.StringLatin1::canEncode (13 bytes)
Event: 25.704 Thread 0x000001ac7ec58800 nmethod 2217 0x000001ac7245b810 code [0x000001ac7245b980, 0x000001ac7245b9f0]
Event: 25.716 Thread 0x000001ac7ec88e70 2218       3       java.lang.StringBuilder::<init> (6 bytes)
Event: 25.716 Thread 0x000001ac7ec88e70 nmethod 2218 0x000001ac6acfaa10 code [0x000001ac6acfabc0, 0x000001ac6acfad00]
Event: 25.718 Thread 0x000001ac7ec88e70 2219       3       org.objectweb.asm.ByteVector::put12 (64 bytes)
Event: 25.719 Thread 0x000001ac7ec88e70 nmethod 2219 0x000001ac6acfad90 code [0x000001ac6acfaf40, 0x000001ac6acfb178]
Event: 25.726 Thread 0x000001ac7ec58800 2220       4       java.lang.invoke.DirectMethodHandle::constructorMethod (10 bytes)
Event: 25.727 Thread 0x000001ac7ec58800 nmethod 2220 0x000001ac7245bb10 code [0x000001ac7245bca0, 0x000001ac7245bd48]
Event: 25.735 Thread 0x000001ac7ec88e70 2221       3       java.util.concurrent.TimeUnit::toNanos (45 bytes)
Event: 25.736 Thread 0x000001ac7ec88e70 nmethod 2221 0x000001ac6acfb310 code [0x000001ac6acfb4c0, 0x000001ac6acfb738]
Event: 25.747 Thread 0x000001ac7ec88e70 2222       3       com.google.common.collect.SingletonImmutableList::iterator (8 bytes)
Event: 25.747 Thread 0x000001ac7ec88e70 nmethod 2222 0x000001ac6acfb810 code [0x000001ac6acfb9e0, 0x000001ac6acfbd20]
Event: 25.747 Thread 0x000001ac7ec88e70 2223       3       com.google.common.base.Stopwatch::createUnstarted (8 bytes)
Event: 25.748 Thread 0x000001ac7ec88e70 nmethod 2223 0x000001ac6acfbe90 code [0x000001ac6acfc040, 0x000001ac6acfc318]
Event: 25.748 Thread 0x000001ac7ec88e70 2224       3       com.google.common.base.Stopwatch::<init> (12 bytes)
Event: 25.748 Thread 0x000001ac7ec88e70 nmethod 2224 0x000001ac6acfc410 code [0x000001ac6acfc5c0, 0x000001ac6acfc7f8]
Event: 25.755 Thread 0x000001ac7ec88e70 2225       3       com.google.common.util.concurrent.AbstractFutureState::releaseWaiters (27 bytes)

GC Heap History (4 events):
Event: 7.898 GC heap before
{Heap before GC invocations=0 (full 0):
 garbage-first heap   total 131072K, used 13312K [0x0000000081c00000, 0x0000000100000000)
  region size 1024K, 13 young (13312K), 0 survivors (0K)
 Metaspace       used 3675K, committed 3904K, reserved 1114112K
  class space    used 372K, committed 512K, reserved 1048576K
}
Event: 7.917 GC heap after
{Heap after GC invocations=1 (full 0):
 garbage-first heap   total 131072K, used 3295K [0x0000000081c00000, 0x0000000100000000)
  region size 1024K, 2 young (2048K), 2 survivors (2048K)
 Metaspace       used 3675K, committed 3904K, reserved 1114112K
  class space    used 372K, committed 512K, reserved 1048576K
}
Event: 15.792 GC heap before
{Heap before GC invocations=1 (full 0):
 garbage-first heap   total 131072K, used 17631K [0x0000000081c00000, 0x0000000100000000)
  region size 1024K, 17 young (17408K), 2 survivors (2048K)
 Metaspace       used 6197K, committed 6400K, reserved 1114112K
  class space    used 728K, committed 832K, reserved 1048576K
}
Event: 15.802 GC heap after
{Heap after GC invocations=2 (full 0):
 garbage-first heap   total 131072K, used 4285K [0x0000000081c00000, 0x0000000100000000)
  region size 1024K, 1 young (1024K), 1 survivors (1024K)
 Metaspace       used 6197K, committed 6400K, reserved 1114112K
  class space    used 728K, committed 832K, reserved 1048576K
}

Dll operation events (8 events):
Event: 0.038 Loaded shared library C:\Program Files\Java\jdk-21\bin\java.dll
Event: 0.154 Loaded shared library C:\Program Files\Java\jdk-21\bin\jsvml.dll
Event: 0.253 Loaded shared library C:\Program Files\Java\jdk-21\bin\net.dll
Event: 0.265 Loaded shared library C:\Program Files\Java\jdk-21\bin\nio.dll
Event: 0.295 Loaded shared library C:\Program Files\Java\jdk-21\bin\zip.dll
Event: 1.712 Loaded shared library C:\Program Files\apache-maven-3.9.11\lib\jansi-native\Windows\x86_64\jansi.dll
Event: 1.857 Loaded shared library C:\Program Files\Java\jdk-21\bin\verify.dll
Event: 2.009 Loaded shared library C:\Program Files\Java\jdk-21\bin\jimage.dll

Deoptimization events (20 events):
Event: 24.488 Thread 0x000001ac60a72780 DEOPT PACKING pc=0x000001ac723ccb54 sp=0x000000062d8fe5d0
Event: 24.488 Thread 0x000001ac60a72780 DEOPT UNPACKING pc=0x000001ac71e346a2 sp=0x000000062d8fe598 mode 2
Event: 24.572 Thread 0x000001ac60a72780 Uncommon trap: trap_request=0xffffff45 fr.pc=0x000001ac723c56e4 relative=0x00000000000002a4
Event: 24.572 Thread 0x000001ac60a72780 Uncommon trap: reason=unstable_if action=reinterpret pc=0x000001ac723c56e4 method=java.util.concurrent.ConcurrentHashMap.get(Ljava/lang/Object;)Ljava/lang/Object; @ 76 c2
Event: 24.572 Thread 0x000001ac60a72780 DEOPT PACKING pc=0x000001ac723c56e4 sp=0x000000062d8fb1e0
Event: 24.572 Thread 0x000001ac60a72780 DEOPT UNPACKING pc=0x000001ac71e346a2 sp=0x000000062d8fb158 mode 2
Event: 24.613 Thread 0x000001ac60a72780 Uncommon trap: trap_request=0xffffff45 fr.pc=0x000001ac7240be9c relative=0x000000000000061c
Event: 24.613 Thread 0x000001ac60a72780 Uncommon trap: reason=unstable_if action=reinterpret pc=0x000001ac7240be9c method=java.lang.Integer.getChars(II[B)I @ 25 c2
Event: 24.613 Thread 0x000001ac60a72780 DEOPT PACKING pc=0x000001ac7240be9c sp=0x000000062d8fdeb0
Event: 24.613 Thread 0x000001ac60a72780 DEOPT UNPACKING pc=0x000001ac71e346a2 sp=0x000000062d8fddf8 mode 2
Event: 24.696 Thread 0x000001ac60a72780 Uncommon trap: trap_request=0xffffff45 fr.pc=0x000001ac72411368 relative=0x0000000000000228
Event: 24.696 Thread 0x000001ac60a72780 Uncommon trap: reason=unstable_if action=reinterpret pc=0x000001ac72411368 method=java.lang.ClassLoader.checkName(Ljava/lang/String;)Z @ 1 c2
Event: 24.696 Thread 0x000001ac60a72780 DEOPT PACKING pc=0x000001ac72411368 sp=0x000000062d8fdc20
Event: 24.696 Thread 0x000001ac60a72780 DEOPT UNPACKING pc=0x000001ac71e346a2 sp=0x000000062d8fdbb8 mode 2
Event: 24.723 Thread 0x000001ac60a72780 Uncommon trap: trap_request=0xffffff45 fr.pc=0x000001ac7244beec relative=0x0000000000000c6c
Event: 24.723 Thread 0x000001ac60a72780 Uncommon trap: reason=unstable_if action=reinterpret pc=0x000001ac7244beec method=jdk.internal.org.objectweb.asm.SymbolTable.put(Ljdk/internal/org/objectweb/asm/SymbolTable$Entry;)Ljdk/internal/org/objectweb/asm/SymbolTable$Entry; @ 13 c2
Event: 24.723 Thread 0x000001ac60a72780 DEOPT PACKING pc=0x000001ac7244beec sp=0x000000062d8fd950
Event: 24.723 Thread 0x000001ac60a72780 DEOPT UNPACKING pc=0x000001ac71e346a2 sp=0x000000062d8fd888 mode 2
Event: 24.937 Thread 0x000001ac60a72780 DEOPT PACKING pc=0x000001ac6ac788c4 sp=0x000000062d8fe100
Event: 24.937 Thread 0x000001ac60a72780 DEOPT UNPACKING pc=0x000001ac71e34e42 sp=0x000000062d8fd660 mode 0

Classes loaded (20 events):
Event: 24.368 Loading class java/nio/channels/OverlappingFileLockException
Event: 24.371 Loading class java/nio/channels/OverlappingFileLockException done
Event: 24.371 Loading class java/nio/channels/FileLock
Event: 24.371 Loading class java/nio/channels/FileLock done
Event: 24.434 Loading class java/nio/file/AccessDeniedException
Event: 24.434 Loading class java/nio/file/AccessDeniedException done
Event: 24.555 Loading class java/lang/ExceptionInInitializerError
Event: 24.555 Loading class java/lang/ExceptionInInitializerError done
Event: 24.557 Loading class sun/misc/Unsafe
Event: 24.558 Loading class sun/misc/Unsafe done
Event: 24.559 Loading class java/lang/invoke/DirectMethodHandle$StaticAccessor
Event: 24.559 Loading class java/lang/invoke/DirectMethodHandle$StaticAccessor done
Event: 24.571 Loading class jdk/internal/vm/annotation/ForceInline
Event: 24.572 Loading class jdk/internal/vm/annotation/ForceInline done
Event: 24.638 Loading class sun/invoke/util/ValueConversions$1
Event: 24.638 Loading class sun/invoke/util/ValueConversions$1 done
Event: 24.644 Loading class java/lang/invoke/BoundMethodHandle$Species_LI
Event: 24.644 Loading class java/lang/invoke/BoundMethodHandle$Species_LI done
Event: 24.692 Loading class jdk/internal/org/objectweb/asm/ClassReader
Event: 24.694 Loading class jdk/internal/org/objectweb/asm/ClassReader done

Classes unloaded (0 events):
No events

Classes redefined (0 events):
No events

Internal exceptions (20 events):
Event: 1.945 Thread 0x000001ac60a72780 Exception <a 'java/lang/NoSuchMethodError'{0x00000000896a5460}: 'void java.lang.invoke.DirectMethodHandle$Holder.invokeStaticInit(java.lang.Object, java.lang.Object)'> (0x00000000896a5460) 
thrown [s\open\src\hotspot\share\interpreter\linkResolver.cpp, line 773]
Event: 2.002 Thread 0x000001ac60a72780 Exception <a 'java/lang/NoSuchMethodError'{0x00000000896deba8}: 'void java.lang.invoke.DirectMethodHandle$Holder.invokeStatic(java.lang.Object, java.lang.Object, java.lang.Object)'> (0x00000000896deba8) 
thrown [s\open\src\hotspot\share\interpreter\linkResolver.cpp, line 773]
Event: 4.172 Thread 0x000001ac60a72780 Exception <a 'java/lang/NoSuchMethodError'{0x00000000894a72e0}: 'java.lang.Object java.lang.invoke.DirectMethodHandle$Holder.invokeSpecialIFC(java.lang.Object, java.lang.Object, java.lang.Object, java.lang.Object)'> (0x00000000894a72e0) 
thrown [s\open\src\hotspot\share\interpreter\linkResolver.cpp, line 773]
Event: 8.045 Thread 0x000001ac60a72780 Exception <a 'java/lang/NoSuchMethodError'{0x0000000089bba438}: 'void java.lang.invoke.DirectMethodHandle$Holder.invokeSpecial(java.lang.Object, java.lang.Object, java.lang.Object)'> (0x0000000089bba438) 
thrown [s\open\src\hotspot\share\interpreter\linkResolver.cpp, line 773]
Event: 8.332 Thread 0x000001ac60a72780 Exception <a 'java/lang/NoSuchMethodError'{0x0000000089915f10}: 'java.lang.Object java.lang.invoke.DirectMethodHandle$Holder.invokeInterface(java.lang.Object, java.lang.Object)'> (0x0000000089915f10) 
thrown [s\open\src\hotspot\share\interpreter\linkResolver.cpp, line 773]
Event: 10.015 Thread 0x000001ac60a72780 Exception <a 'java/lang/NoSuchMethodError'{0x00000000899d3e88}: 'int java.lang.invoke.DirectMethodHandle$Holder.invokeStatic(java.lang.Object, java.lang.Object, java.lang.Object, java.lang.Object)'> (0x00000000899d3e88) 
thrown [s\open\src\hotspot\share\interpreter\linkResolver.cpp, line 773]
Event: 10.017 Thread 0x000001ac60a72780 Exception <a 'java/lang/NoSuchMethodError'{0x00000000899d7508}: 'java.lang.Object java.lang.invoke.Invokers$Holder.invokeExact_MT(java.lang.Object, java.lang.Object, java.lang.Object, java.lang.Object, java.lang.Object, java.lang.Object)'> (0x00000000899d7508) 
thrown [s\open\src\hotspot\share\interpreter\linkResolver.cpp, line 773]
Event: 10.392 Thread 0x000001ac60a72780 Exception <a 'java/lang/NoSuchMethodError'{0x00000000899e5c60}: 'int java.lang.invoke.DirectMethodHandle$Holder.invokeSpecialIFC(java.lang.Object, java.lang.Object, java.lang.Object, java.lang.Object, java.lang.Object)'> (0x00000000899e5c60) 
thrown [s\open\src\hotspot\share\interpreter\linkResolver.cpp, line 773]
Event: 12.479 Thread 0x000001ac60a72780 Exception <a 'java/lang/NoSuchMethodError'{0x0000000089784c20}: 'java.lang.Object java.lang.invoke.DirectMethodHandle$Holder.newInvokeSpecial(java.lang.Object, java.lang.Object, java.lang.Object, java.lang.Object, java.lang.Object)'> (0x0000000089784c20) 
thrown [s\open\src\hotspot\share\interpreter\linkResolver.cpp, line 773]
Event: 12.870 Thread 0x000001ac60a72780 Exception <a 'java/lang/NoSuchMethodError'{0x00000000896a21a0}: 'int java.lang.invoke.DirectMethodHandle$Holder.invokeStaticInit(java.lang.Object, java.lang.Object)'> (0x00000000896a21a0) 
thrown [s\open\src\hotspot\share\interpreter\linkResolver.cpp, line 773]
Event: 13.160 Thread 0x000001ac60a72780 Exception <a 'java/lang/NoClassDefFoundError'{0x00000000896d9b08}: javax/enterprise/inject/Typed> (0x00000000896d9b08) 
thrown [s\open\src\hotspot\share\classfile\systemDictionary.cpp, line 301]
Event: 24.543 Thread 0x000001ac60a72780 Exception <a 'java/lang/NoSuchMethodError'{0x0000000087f92150}: 'void java.lang.invoke.DirectMethodHandle$Holder.invokeStaticInit(java.lang.Object, java.lang.Object, java.lang.Object)'> (0x0000000087f92150) 
thrown [s\open\src\hotspot\share\interpreter\linkResolver.cpp, line 773]
Event: 24.568 Thread 0x000001ac60a72780 Exception <a 'java/lang/ExceptionInInitializerError'{0x0000000087fbf998}> (0x0000000087fbf998) 
thrown [s\open\src\hotspot\share\oops\instanceKlass.cpp, line 1180]
Event: 24.641 Thread 0x000001ac60a72780 Exception <a 'java/lang/NoSuchMethodError'{0x0000000087e29b88}: 'long java.lang.invoke.DirectMethodHandle$Holder.invokeStatic(java.lang.Object, java.lang.Object, int)'> (0x0000000087e29b88) 
thrown [s\open\src\hotspot\share\interpreter\linkResolver.cpp, line 773]
Event: 24.651 Thread 0x000001ac60a72780 Exception <a 'java/lang/NoSuchMethodError'{0x0000000087e3cc20}: 'java.lang.Object java.lang.invoke.DirectMethodHandle$Holder.invokeStatic(java.lang.Object, java.lang.Object, java.lang.Object, java.lang.Object, int)'> (0x0000000087e3cc20) 
thrown [s\open\src\hotspot\share\interpreter\linkResolver.cpp, line 773]
Event: 24.655 Thread 0x000001ac60a72780 Exception <a 'java/lang/NoSuchMethodError'{0x0000000087e44b38}: 'java.lang.Object java.lang.invoke.DirectMethodHandle$Holder.invokeSpecial(java.lang.Object, java.lang.Object, java.lang.Object, java.lang.Object, long)'> (0x0000000087e44b38) 
thrown [s\open\src\hotspot\share\interpreter\linkResolver.cpp, line 773]
Event: 24.672 Thread 0x000001ac60a72780 Exception <a 'java/lang/NoSuchMethodError'{0x0000000087e50870}: 'java.lang.Object java.lang.invoke.DirectMethodHandle$Holder.invokeSpecial(java.lang.Object, java.lang.Object, java.lang.Object, int, java.lang.Object)'> (0x0000000087e50870) 
thrown [s\open\src\hotspot\share\interpreter\linkResolver.cpp, line 773]
Event: 24.678 Thread 0x000001ac60a72780 Exception <a 'java/lang/NoSuchMethodError'{0x0000000087e58990}: 'int java.lang.invoke.DirectMethodHandle$Holder.invokeSpecial(java.lang.Object, java.lang.Object, java.lang.Object, int)'> (0x0000000087e58990) 
thrown [s\open\src\hotspot\share\interpreter\linkResolver.cpp, line 773]
Event: 24.696 Thread 0x000001ac60a72780 Implicit null exception at 0x000001ac72411160 to 0x000001ac72411358
Event: 24.703 Thread 0x000001ac60a72780 Exception <a 'java/lang/NoSuchMethodError'{0x0000000087e7cf60}: 'java.lang.Object java.lang.invoke.Invokers$Holder.invokeExact_MT(java.lang.Object, int, java.lang.Object)'> (0x0000000087e7cf60) 
thrown [s\open\src\hotspot\share\interpreter\linkResolver.cpp, line 773]

ZGC Phase Switch (0 events):
No events

VM Operations (20 events):
Event: 19.996 Executing VM operation: Cleanup
Event: 20.012 Executing VM operation: Cleanup done
Event: 21.021 Executing VM operation: Cleanup
Event: 21.070 Executing VM operation: Cleanup done
Event: 22.078 Executing VM operation: Cleanup
Event: 22.078 Executing VM operation: Cleanup done
Event: 22.824 Executing VM operation: HandshakeAllThreads (Deoptimize)
Event: 22.824 Executing VM operation: HandshakeAllThreads (Deoptimize) done
Event: 23.429 Executing VM operation: HandshakeAllThreads (Deoptimize)
Event: 23.429 Executing VM operation: HandshakeAllThreads (Deoptimize) done
Event: 23.429 Executing VM operation: Cleanup
Event: 23.429 Executing VM operation: Cleanup done
Event: 24.444 Executing VM operation: Cleanup
Event: 24.444 Executing VM operation: Cleanup done
Event: 24.603 Executing VM operation: HandshakeAllThreads (Deoptimize)
Event: 24.603 Executing VM operation: HandshakeAllThreads (Deoptimize) done
Event: 24.921 Executing VM operation: HandshakeAllThreads (Deoptimize)
Event: 24.921 Executing VM operation: HandshakeAllThreads (Deoptimize) done
Event: 24.934 Executing VM operation: HandshakeAllThreads (Deoptimize)
Event: 24.934 Executing VM operation: HandshakeAllThreads (Deoptimize) done

Events (14 events):
Event: 0.085 Thread 0x000001ac60a72780 Thread added: 0x000001ac60a72780
Event: 0.139 Thread 0x000001ac7ec4dd80 Thread added: 0x000001ac7ec4dd80
Event: 0.139 Thread 0x000001ac7ec50560 Thread added: 0x000001ac7ec50560
Event: 0.140 Thread 0x000001ac7ec55b50 Thread added: 0x000001ac7ec55b50
Event: 0.140 Thread 0x000001ac7ec565b0 Thread added: 0x000001ac7ec565b0
Event: 0.140 Thread 0x000001ac7ec57010 Thread added: 0x000001ac7ec57010
Event: 0.140 Thread 0x000001ac7ec57a70 Thread added: 0x000001ac7ec57a70
Event: 0.141 Thread 0x000001ac7ec58800 Thread added: 0x000001ac7ec58800
Event: 0.147 Thread 0x000001ac7ec88e70 Thread added: 0x000001ac7ec88e70
Event: 0.215 Thread 0x000001ac7eeb8820 Thread added: 0x000001ac7eeb8820
Event: 0.226 Thread 0x000001ac7eec5ed0 Thread added: 0x000001ac7eec5ed0
Event: 1.691 Thread 0x000001ac7f181ce0 Thread added: 0x000001ac7f181ce0
Event: 13.345 Thread 0x000001ac7f3c6fa0 Thread added: 0x000001ac7f3c6fa0
Event: 14.299 Thread 0x000001ac7f3c6fa0 Thread exited: 0x000001ac7f3c6fa0


Dynamic libraries:
0x00007ff793790000 - 0x00007ff7937a0000 	C:\Program Files\Java\jdk-21\bin\java.exe
0x00007ffd45f80000 - 0x00007ffd461e8000 	C:\WINDOWS\SYSTEM32\ntdll.dll
0x00007ffd44fc0000 - 0x00007ffd45089000 	C:\WINDOWS\System32\KERNEL32.DLL
0x00007ffd43780000 - 0x00007ffd43b78000 	C:\WINDOWS\System32\KERNELBASE.dll
0x00007ffd43500000 - 0x00007ffd4364b000 	C:\WINDOWS\System32\ucrtbase.dll
0x00007ffcf4f10000 - 0x00007ffcf4f29000 	C:\Program Files\Java\jdk-21\bin\jli.dll
0x00007ffd43ef0000 - 0x00007ffd43fa4000 	C:\WINDOWS\System32\ADVAPI32.dll
0x00007ffd457f0000 - 0x00007ffd45899000 	C:\WINDOWS\System32\msvcrt.dll
0x00007ffd45e90000 - 0x00007ffd45f36000 	C:\WINDOWS\System32\sechost.dll
0x00007ffd45cf0000 - 0x00007ffd45e08000 	C:\WINDOWS\System32\RPCRT4.dll
0x00007ffd43d20000 - 0x00007ffd43ee7000 	C:\WINDOWS\System32\USER32.dll
0x00007ffd43cf0000 - 0x00007ffd43d17000 	C:\WINDOWS\System32\win32u.dll
0x00007ffd45b40000 - 0x00007ffd45b6b000 	C:\WINDOWS\System32\GDI32.dll
0x00007ffd43650000 - 0x00007ffd4377c000 	C:\WINDOWS\System32\gdi32full.dll
0x00007ffd430d0000 - 0x00007ffd43173000 	C:\WINDOWS\System32\msvcp_win.dll
0x00007ffcf2490000 - 0x00007ffcf24ab000 	C:\Program Files\Java\jdk-21\bin\VCRUNTIME140.dll
0x00007ffd2aaa0000 - 0x00007ffd2ad34000 	C:\WINDOWS\WinSxS\amd64_microsoft.windows.common-controls_6595b64144ccf1df_6.0.26100.7019_none_3e06ffa0e335b8a8\COMCTL32.dll
0x00007ffd33a70000 - 0x00007ffd33a7b000 	C:\WINDOWS\SYSTEM32\VERSION.dll
0x00007ffd448d0000 - 0x00007ffd44901000 	C:\WINDOWS\System32\IMM32.DLL
0x00007ffd27830000 - 0x00007ffd2783c000 	C:\Program Files\Java\jdk-21\bin\vcruntime140_1.dll
0x00007ffcf1da0000 - 0x00007ffcf1e2e000 	C:\Program Files\Java\jdk-21\bin\msvcp140.dll
0x00007ffcf1080000 - 0x00007ffcf1d93000 	C:\Program Files\Java\jdk-21\bin\server\jvm.dll
0x00007ffd45e10000 - 0x00007ffd45e84000 	C:\WINDOWS\System32\WS2_32.dll
0x00007ffd42f50000 - 0x00007ffd42fae000 	C:\WINDOWS\SYSTEM32\POWRPROF.dll
0x00007ffd2ad40000 - 0x00007ffd2ad75000 	C:\WINDOWS\SYSTEM32\WINMM.dll
0x00007ffd42f30000 - 0x00007ffd42f44000 	C:\WINDOWS\SYSTEM32\UMPDC.dll
0x00007ffd41e50000 - 0x00007ffd41e6b000 	C:\WINDOWS\SYSTEM32\kernel.appcore.dll
0x00007ffd20bc0000 - 0x00007ffd20bca000 	C:\Program Files\Java\jdk-21\bin\jimage.dll
0x00007ffd40770000 - 0x00007ffd409b2000 	C:\WINDOWS\SYSTEM32\DBGHELP.DLL
0x00007ffd44a90000 - 0x00007ffd44e1b000 	C:\WINDOWS\System32\combase.dll
0x00007ffd45a60000 - 0x00007ffd45b37000 	C:\WINDOWS\System32\OLEAUT32.dll
0x00007ffd2c870000 - 0x00007ffd2c8ac000 	C:\WINDOWS\SYSTEM32\dbgcore.DLL
0x00007ffd433c0000 - 0x00007ffd43465000 	C:\WINDOWS\System32\bcryptPrimitives.dll
0x00007ffcf2470000 - 0x00007ffcf248f000 	C:\Program Files\Java\jdk-21\bin\java.dll
0x00007ffd45090000 - 0x00007ffd457df000 	C:\WINDOWS\System32\SHELL32.dll
0x00007ffd43b80000 - 0x00007ffd43ceb000 	C:\WINDOWS\System32\wintypes.dll
0x00007ffd40cd0000 - 0x00007ffd4152d000 	C:\WINDOWS\SYSTEM32\windows.storage.dll
0x00007ffd45bf0000 - 0x00007ffd45ce2000 	C:\WINDOWS\System32\SHCORE.dll
0x00007ffd459f0000 - 0x00007ffd45a57000 	C:\WINDOWS\System32\shlwapi.dll
0x00007ffd42ff0000 - 0x00007ffd43019000 	C:\WINDOWS\SYSTEM32\profapi.dll
0x00007ffcf0fa0000 - 0x00007ffcf1077000 	C:\Program Files\Java\jdk-21\bin\jsvml.dll
0x00007ffd18160000 - 0x00007ffd18170000 	C:\Program Files\Java\jdk-21\bin\net.dll
0x00007ffd33180000 - 0x00007ffd332a8000 	C:\WINDOWS\SYSTEM32\WINHTTP.dll
0x00007ffd423a0000 - 0x00007ffd4240b000 	C:\WINDOWS\system32\mswsock.dll
0x00007ffcf2290000 - 0x00007ffcf22a6000 	C:\Program Files\Java\jdk-21\bin\nio.dll
0x00007ffcf0f40000 - 0x00007ffcf0f58000 	C:\Program Files\Java\jdk-21\bin\zip.dll
0x00007ffd1e170000 - 0x00007ffd1e194000 	C:\Program Files\apache-maven-3.9.11\lib\jansi-native\Windows\x86_64\jansi.dll
0x00007ffd14cc0000 - 0x00007ffd14cd0000 	C:\Program Files\Java\jdk-21\bin\verify.dll

dbghelp: loaded successfully - version: 4.0.5 - missing functions: none
symbol engine: initialized successfully - sym options: 0x614 - pdb path: .;C:\Program Files\Java\jdk-21\bin;C:\WINDOWS\SYSTEM32;C:\WINDOWS\WinSxS\amd64_microsoft.windows.common-controls_6595b64144ccf1df_6.0.26100.7019_none_3e06ffa0e335b8a8;C:\Program Files\Java\jdk-21\bin\server;C:\Program Files\apache-maven-3.9.11\lib\jansi-native\Windows\x86_64

VM Arguments:
jvm_args: --enable-native-access=ALL-UNNAMED -Dclassworlds.conf=C:\Program Files\apache-maven-3.9.11\bin\m2.conf -Dmaven.home=C:\Program Files\apache-maven-3.9.11 -Dlibrary.jansi.path=C:\Program Files\apache-maven-3.9.11\lib\jansi-native -Dmaven.multiModuleProjectDirectory=C:\Users\LENOVO\Desktop\INFRAFIX-BE 
java_command: org.codehaus.plexus.classworlds.launcher.Launcher spring-boot:run
java_class_path (initial): C:\Program Files\apache-maven-3.9.11\boot\plexus-classworlds-2.9.0.jar
Launcher Type: SUN_STANDARD

[Global flags]
     intx CICompilerCount                          = 3                                         {product} {ergonomic}
     uint ConcGCThreads                            = 1                                         {product} {ergonomic}
     uint G1ConcRefinementThreads                  = 4                                         {product} {ergonomic}
   size_t G1HeapRegionSize                         = 1048576                                   {product} {ergonomic}
    uintx GCDrainStackTargetSize                   = 64                                        {product} {ergonomic}
   size_t InitialHeapSize                          = 134217728                                 {product} {ergonomic}
   size_t MarkStackSize                            = 4194304                                   {product} {ergonomic}
   size_t MaxHeapSize                              = 2118123520                                {product} {ergonomic}
   size_t MaxNewSize                               = 1270874112                                {product} {ergonomic}
   size_t MinHeapDeltaBytes                        = 1048576                                   {product} {ergonomic}
   size_t MinHeapSize                              = 8388608                                   {product} {ergonomic}
    uintx NonNMethodCodeHeapSize                   = 5832780                                {pd product} {ergonomic}
    uintx NonProfiledCodeHeapSize                  = 122912730                              {pd product} {ergonomic}
    uintx ProfiledCodeHeapSize                     = 122912730                              {pd product} {ergonomic}
    uintx ReservedCodeCacheSize                    = 251658240                              {pd product} {ergonomic}
     bool SegmentedCodeCache                       = true                                      {product} {ergonomic}
   size_t SoftMaxHeapSize                          = 2118123520                             {manageable} {ergonomic}
     bool UseCompressedOops                        = true                           {product lp64_product} {ergonomic}
     bool UseG1GC                                  = true                                      {product} {ergonomic}
     bool UseLargePagesIndividualAllocation        = false                                  {pd product} {ergonomic}

Logging:
Log output configuration:
 #0: stdout all=warning uptime,level,tags foldmultilines=false
 #1: stderr all=off uptime,level,tags foldmultilines=false

Environment Variables:
JAVA_HOME=C:\Program Files\Java\jdk-21
PATH=C:\Program Files\Common Files\Oracle\Java\javapath;C:\WINDOWS\system32;C:\WINDOWS;C:\WINDOWS\System32\Wbem;C:\WINDOWS\System32\WindowsPowerShell\v1.0\;C:\WINDOWS\System32\OpenSSH\;C:\Program Files\Java\jdk-21\bin;C:\Program Files\dotnet\;C:\Program Files\Git\cmd;C:\Program Files\Microsoft SQL Server\Client SDK\ODBC\170\Tools\Binn\;C:\Program Files (x86)\Microsoft SQL Server\150\Tools\Binn\;C:\Program Files\Microsoft SQL Server\150\Tools\Binn\;C:\Program Files\Microsoft SQL Server\150\DTS\Binn\;C:\Program Files\Java\jdk1.8.0_351\bin;C:\Program Files\apache-maven-3.9.11\bin;C:\Program Files (x86)\Microsoft SQL Server\150\DTS\Binn\;C:\Program Files\PuTTY\;C:\Program Files\nodejs\;C:\Program Files\PostgreSQL\18\bin;C:\Program Files\Docker\Docker\resources\bin;C:\Program Files (x86)\Bitvise SSH Client;C:\Program Files\Go\bin;C:\Users\LENOVO\AppData\Local\Programs\Python\Python313\Scripts\;C:\Users\LENOVO\AppData\Local\Programs\Python\Python313\;C:\Users\LENOVO\AppData\Local\Microsoft\WindowsApps;C:\Program Files\Java\jdk-21;C:\Users\LENOVO\.dotnet\tools;C:\Program Files\Java\jdk-21\bin;C:\Program Files\Azure Data Studio\bin;C:\Program Files (x86)\Nmap;C:\Users\LENOVO\AppData\Local\Programs\Microsoft VS Code\bin;C:\Users\LENOVO\AppData\Roaming\npm;C:\Users\LENOVO\go\bin
USERNAME=LENOVO
OS=Windows_NT
PROCESSOR_IDENTIFIER=Intel64 Family 6 Model 142 Stepping 9, GenuineIntel
TMP=C:\Users\LENOVO\AppData\Local\Temp
TEMP=C:\Users\LENOVO\AppData\Local\Temp




---------------  S Y S T E M  ---------------

OS:
 Windows 11 , 64 bit Build 26100 (10.0.26100.7019)
OS uptime: 0 days 5:38 hours
Hyper-V role detected

CPU: total 4 (initial active 4) (2 cores per cpu, 2 threads per core) family 6 model 142 stepping 9 microcode 0xe8, cx8, cmov, fxsr, ht, mmx, 3dnowpref, sse, sse2, sse3, ssse3, sse4.1, sse4.2, popcnt, lzcnt, tsc, tscinvbit, avx, avx2, aes, erms, clmul, bmi1, bmi2, adx, fma, vzeroupper, clflush, clflushopt, hv, rdtscp, f16c
Processor Information for all 4 processors :
  Max Mhz: 1608, Current Mhz: 1306, Mhz Limit: 1302

Memory: 4k page, system-wide physical 8077M (911M free)
TotalPageFile size 32653M (AvailPageFile size 0M)
current process WorkingSet (physical memory assigned to process): 99M, peak: 101M
current process commit charge ("private bytes"): 223M, peak: 226M

vm_info: Java HotSpot(TM) 64-Bit Server VM (21+35-LTS-2513) for windows-amd64 JRE (21+35-LTS-2513), built on 2023-08-09T20:25:10Z by "mach5one" with MS VC++ 17.1 (VS2022)

END.
